error TS6053: File '/Users/Lucas-Lenovo/Documents/Documentos/Projetos PlayGround/VendaAI/node_modules/typescript/lib/lib.dom.d.ts' not found.
  The file is in the program because:
    Library 'lib.dom.d.ts' specified in compilerOptions
error TS6053: File '/Users/Lucas-Lenovo/Documents/Documentos/Projetos PlayGround/VendaAI/node_modules/typescript/lib/lib.dom.iterable.d.ts' not found.
  The file is in the program because:
    Library 'lib.dom.iterable.d.ts' specified in compilerOptions
error TS6053: File '/Users/Lucas-Lenovo/Documents/Documentos/Projetos PlayGround/VendaAI/node_modules/typescript/lib/lib.esnext.d.ts' not found.
  The file is in the program because:
    Library 'lib.esnext.d.ts' specified in compilerOptions
